{
  "numFailedTests": 5,
  "numPassedTests": 9,
  "numTotalTests": 14,
  "failedTests": [
    {
      "testPath": "C:\\Workspace\\web\\AsepQuizz\\src\\pages\\Results_Pages.test.tsx",
      "failedTestCases": [
        {
          "title": "calculates and displays topic statistics with correct percentages",
          "errorMessage": "TestingLibraryElementError: Found multiple elements with the text: Systems Thinking\n\nHere are the matching elements:\n\nIgnored nodes: comments, script, style\n\u001b[36m<span\u001b[39m\n  \u001b[33mclass\u001b[39m=\u001b[32m\"font-medium\"\u001b[39m\n\u001b[36m>\u001b[39m\n  \u001b[0mSystems Thinking\u001b[0m\n\u001b[36m</span>\u001b[39m\n\nIgnored nodes: comments, script, style\n\u001b[36m<span\u001b[39m\n  \u001b[33mclass\u001b[39m=\u001b[32m\"font-medium\"\u001b[39m\n\u001b[36m>\u001b[39m\n  \u001b[0mSystems Thinking\u001b[0m\n\u001b[36m</span>\u001b[39m\n\n(If this is intentional, then use the `*AllBy*` variant of the query (like `queryAllByText`, `getAllByText`, or `findAllByText`)).\n\nIgnored nodes: comments, script, style\n\u001b[36m<body>\u001b[39m\n  \u001b[36m<div>\u001b[39m\n    \u001b[36m<div\u001b[39m\n      \u001b[33mclass\u001b[39m=\u001b[32m\"max-w-4xl mx-auto\"\u001b[39m\n    \u001b[36m>\u001b[39m\n      \u001b[36m<h1\u001b[39m\n        \u001b[33mclass\u001b[39m=\u001b[32m\"text-3xl font-bold mb-8 text-center\"\u001b[39m\n      \u001b[36m>\u001b[39m\n        \u001b[0mQuiz Results_Pages\u001b[0m\n      \u001b[36m</h1>\u001b[39m\n      \u001b[36m<div\u001b[39m\n        \u001b[33mclass\u001b[39m=\u001b[32m\"card mb-8\"\u001b[39m\n      \u001b[36m>\u001b[39m\n        \u001b[36m<div\u001b[39m\n          \u001b[33mclass\u001b[39m=\u001b[32m\"grid grid-cols-2 md:grid-cols-4 gap-6 text-center\"\u001b[39m\n        \u001b[36m>\u001b[39m\n          \u001b[36m<div>\u001b[39m\n            \u001b[36m<div\u001b[39m\n              \u001b[33mclass\u001b[39m=\u001b[32m\"text-3xl font-bold text-yellow-500\"\u001b[39m\n            \u001b[36m>\u001b[39m\n              \u001b[0m70\u001b[0m\n              \u001b[0m%\u001b[0m\n            \u001b[36m</div>\u001b[39m\n            \u001b[36m<div\u001b[39m\n              \u001b[33mclass\u001b[39m=\u001b[32m\"text-sm text-gray-400\"\u001b[39m\n            \u001b[36m>\u001b[39m\n              \u001b[0mScore\u001b[0m\n            \u001b[36m</div>\u001b[39m\n          \u001b[36m</div>\u001b[39m\n          \u001b[36m<div>\u001b[39m\n            \u001b[36m<div\u001b[39m\n              \u001b[33mclass\u001b[39m=\u001b[32m\"text-3xl font-bold text-primary\"\u001b[39m\n            \u001b[36m>\u001b[39m\n              \u001b[0m7\u001b[0m\n              \u001b[0m/\u001b[0m\n              \u001b[0m10\u001b[0m\n            \u001b[36m</div>\u001b[39m\n            \u001b[36m<div\u001b[39m\n              \u001b[33mclass\u001b[39m=\u001b[32m\"text-sm text-gray-400\"\u001b[39m\n            \u001b[36m>\u001b[39m\n              \u001b[0mCorrect Answers\u001b[0m\n            \u001b[36m</div>\u001b[39m\n          \u001b[36m</div>\u001b[39m\n          \u001b[36m<div>\u001b[39m\n            \u001b[36m<div\u001b[39m\n              \u001b[33mclass\u001b[39m=\u001b[32m\"text-3xl font-bold text-primary\"\u001b[39m\n            \u001b[36m>\u001b[39m\n              \u001b[0m5:00\u001b[0m\n            \u001b[36m</div>\u001b[39m\n            \u001b[36m<div\u001b[39m\n              \u001b[33mclass\u001b[39m=\u001b[32m\"text-sm text-gray-400\"\u001b[39m\n            \u001b[36m>\u001b[39m\n              \u001b[0mTotal Time\u001b[0m\n            \u001b[36m</div>\u001b[39m\n          \u001b[36m</div>\u001b[39m\n          \u001b[36m<div>\u001b[39m\n            \u001b[36m<div\u001b[39m\n              \u001b[33mclass\u001b[39m=\u001b[32m\"text-3xl font-bold text-primary\"\u001b[39m\n            \u001b[36m>\u001b[39m\n              \u001b[0m0:30\u001b[0m\n            \u001b[36m</div>\u001b[39m\n            \u001b[36m<div\u001b[39m\n              \u001b[33mclass\u001b[39m=\u001b[32m\"text-sm text-gray-400\"\u001b[39m\n            \u001b[36m>\u001b[39m\n              \u001b[0mAvg. Time/Question\u001b[0m\n            \u001b[36m</div>\u001b[39m\n          \u001b[36m</div>\u001b[39m\n        \u001b[36m</div>\u001b[39m\n      \u001b[36m</div>\u001b[39m\n      \u001b[36m<div\u001b[39m\n        \u001b[33mclass\u001b[39m=\u001b[32m\"card mb-8\"\u001b[39m\n      \u001b[36m>\u001b[39m\n        \u001b[36m<h2\u001b[39m\n          \u001b[33mclass\u001b[39m=\u001b[32m\"text-xl font-semibold mb-4\"\u001b[39m\n        \u001b[36m>\u001b[39m\n          \u001b[0mPerformance Analysis\u001b[0m\n        \u001b[36m</h2>\u001b[39m\n        \u001b[36m<div\u001b[39m\n          \u001b[33mclass\u001b[39m=\u001b[32m\"space-y-4\"\u001b[39m\n        \u001b[36m>\u001b[39m\n          \u001b[36m<div\u001b[39m\n            \u001b[33mclass\u001b[39m=\u001b[32m\"flex items-center gap-4\"\u001b[39m\n          \u001b[36m>\u001b[39m\n            \u001b[36m<div\u001b[39m\n              \u001b[33mclass\u001b[39m=\u001b[32m\"w-32 text-sm text-gray-400\"\u001b[39m\n            \u001b[36m>\u001b[39m\n              \u001b[0mSpeed\u001b[0m\n            \u001b[36m</div>\u001b[39m\n            \u001b[36m<div\u001b[39m\n              \u001b[33mclass\u001b[39m=\u001b[32m\"flex-1 h-4 bg-gray-700 rounded-full overflow-hidden\"\u001b[39m\n            \u001b[36m>\u001b[39m\n              \u001b[36m<div\u001b[39m\n                \u001b[33mclass\u001b[39m=\u001b[32m\"h-full bg-blue-500 transition-all duration-300\"\u001b[39m\n                \u001b[33mstyle\u001b[39m=\u001b[32m\"width: 100%;\"\u001b[39m\n              \u001b[36m/>\u001b[39m\n            \u001b[36m</div>\u001b[39m\n          \u001b[36m</div>\u001b[39m\n          \u001b[36m<div\u001b[39m\n            \u001b[33mclass\u001b[39m=\u001b[32m\"flex items-center gap-4\"\u001b[39m\n          \u001b[36m>\u001b[39m\n            \u001b[36m<div\u001b[39m\n              \u001b[33mclass\u001b[39m=\u001b[32m\"w-32 text-sm text-gray-400\"\u001b[39m\n            \u001b[36m>\u001b[39m\n              \u001b[0mAccuracy\u001b[0m\n            \u001b[36m</div>\u001b[39m\n            \u001b[36m<div\u001b[39m\n              \u001b[33mclass\u001b[39m=\u001b[32m\"flex-1 h-4 bg-gray-700 rounded-full overflow-hidden\"\u001b[39m\n            \u001b[36m>\u001b[39m\n              \u001b[36m<div\u001b[39m\n                \u001b[33mclass\u001b[39m=\u001b[32m\"h-full transition-all duration-300 bg-yellow-500\"\u001b[39m\n                \u001b[33mstyle\u001b[39m=\u001b[32m\"width: 70%;\"\u001b[39m\n              \u001b[36m/>\u001b[39m\n            \u001b[36m</div>\u001b[39m\n          \u001b[36m</div>\u001b[39m\n        \u001b[36m</div>\u001b[39m\n      \u001b[36m</div>\u001b[39m\n      \u001b[36m<div\u001b[39m\n        \u001b[33mclass\u001b[39m=\u001b[32m\"card mb-8\"\u001b[39m\n      \u001b[36m>\u001b[39m\n        \u001b[36m<h2\u001b[39m\n          \u001b[33mclass\u001b[39m=\u001b[32m\"text-xl font-semibold mb-6\"\u001b[39m\n        \u001b[36m>\u001b[39m\n          \u001b[0mTopic Performance\u001b[0m\n        \u001b[36m</h2>\u001b[39m\n        \u001b[36m<div\u001b[39m\n          \u001b[33mclass\u001b[39m=\u001b[32m\"space-y-6\"\u001b[39m\n        \u001b[36m>\u001b[39m\n          \u001b[36m<div\u001b[39m\n            \u001b[33mclass\u001b[39m=\u001b[32m\"space-y-2\"\u001b[39m\n          \u001b[36m>\u001b[39m\n            \u001b[36m<div\u001b[39m\n              \u001b[33mclass\u001b[39m=\u001b[32m\"flex justify-between items-center\"\u001b[39m\n            \u001b[36m>\u001b[39m\n              \u001b[36m<span\u001b[39m\n                \u001b[33mclass\u001b[39m=\u001b[32m\"font-medium\"\u001b[39m\n              \u001b[36m>\u001b[39m\n                \u001b[0mSystems Thinking\u001b[0m\n              \u001b[36m</span>\u001b[39m\n              \u001b[36m<span\u001b[39m\n                \u001b[33mclass\u001b[39m=\u001b[32m\"text-sm text-gray-400\"\u001b[39m\n              \u001b[36m>\u001b[39m\n                \u001b[0m2\u001b[0m\n                \u001b[0m/\u001b[0m\n                \u001b[0m2\u001b[0m\n                \u001b[0m (\u001b[0m\n                \u001b[0m100\u001b[0m\n                \u001b[0m%)\u001b[0m\n              \u001b[36m</span>\u001b[39m\n            \u001b[36m</div>\u001b[39m\n            \u001b[36m<div\u001b[39m\n              \u001b[33mclass\u001b[39m=\u001b[32m\"grid grid-cols-3 gap-2 text-sm\"\u001b[39m\n            \u001b[36m>\u001b[39m\n              \u001b[36m<div\u001b[39m\n                \u001b[33mclass\u001b[39m=\u001b[32m\"bg-gray-800 rounded p-2\"\u001b[39m\n              \u001b[36m>\u001b[39m\n                \u001b[36m<div\u001b[39m\n                  \u001b[33mclass\u001b[39m=\u001b[32m\"text-gray-400 capitalize\"\u001b[39m\n                \u001b[36m>\u001b[39m\n                  \u001b[0mbeginner\u001b[0m\n                \u001b[36m</div>\u001b[39m\n                \u001b[36m<div\u001b[39m\n                  \u001b[33mclass\u001b[39m=\u001b[32m\"font-medium\"\u001b[39m\n                \u001b[36m>\u001b[39m\n                  \u001b[0m100\u001b[0m\n                  \u001b[0m%\u001b[0m\n                \u001b[36m</div>\u001b[39m\n              \u001b[36m</div>\u001b[39m\n              \u001b[36m<div\u001b[39m\n                \u001b[33mclass\u001b[39m=\u001b[32m\"bg-gray-800 rounded p-2\"\u001b[39m\n              \u001b[36m>\u001b[39m\n                \u001b[36m<div\u001b[39m\n                  \u001b[33mclass\u001b[39m=\u001b[32m\"text-gray-400 capitalize\"\u001b[39m\n                \u001b[36m>\u001b[39m\n                  \u001b[0madvanced\u001b[0m\n                \u001b[36m</div>\u001b[39m\n                \u001b[36m<div\u001b[39m\n                  \u001b[33mclass\u001b[39m=\u001b[32m\"font-medium\"\u001b[39m\n                \u001b[36m>\u001b[39m\n                  \u001b[0m100\u001b[0m\n                  \u001b[0m%\u001b[0m\n                \u001b[36m</div>\u001b[39m\n              \u001b[36m</div>\u001b[39m\n            \u001b[36m</div>\u001b[39m\n          \u001b[36m</div>\u001b[39m\n          \u001b[36m<div\u001b[39m\n            \u001b[33mclass\u001b[39m=\u001b[32m\"space-y-2\"\u001b[39m\n          \u001b[36m>\u001b[39m\n            \u001b[36m<div\u001b[39m\n              \u001b[33mclass\u001b[39m=\u001b[32m\"flex justify-between items-center\"\u001b[39m\n            \u001b[36m>\u001b[39m\n              \u001b[36m<span\u001b[39m\n                \u001b[33mclass\u001b[39m=\u001b[32m\"font-medium\"\u001b[39m\n              \u001b[36m>\u001b[39m\n                \u001b[0mRequirements Engineering\u001b[0m\n              \u001b[36m</span>\u001b[39m\n              \u001b[36m<span\u001b[39m\n                \u001b[33mclass\u001b[39m=\u001b[32m\"text-sm text-gray-400\"\u001b[39m\n              \u001b[36m>\u001b[39m\n                \u001b[0m0\u001b[0m\n                \u001b[0m/\u001b[0m\n                \u001b[0m1\u001b[0m\n                \u001b[0m (\u001b[0m\n                \u001b[0m0\u001b[0m\n                \u001b[0m%)\u001b[0m\n              \u001b[36m</span>\u001b[39m\n            \u001b[36m</div>\u001b[39m\n            \u001b[36m<div\u001b[39m\n              \u001b[33mclass\u001b[39m=\u001b[32m\"grid grid-cols-3 gap-2 text-sm\"\u001b[39m\n            \u001b[36m>\u001b[39m\n              \u001b[36m<div\u001b[39m\n                \u001b[33mclass\u001b[39m=\u001b[32m\"bg-gray-800 rounded p-2\"\u001b[39m\n              \u001b[36m>\u001b[39m\n                \u001b[36m<div\u001b[39m\n                  \u001b[33mclass\u001b[39m=\u001b[32m\"text-gray-400 capitalize\"\u001b[39m\n                \u001b[36m>\u001b[39m\n                  \u001b[0mintermediate\u001b[0m\n                \u001b[36m</div>\u001b[39m\n                \u001b[36m<div\u001b[39m\n                  \u001b[33mclass\u001b[39m=\u001b[32m\"font-medium\"\u001b[39m\n                \u001b[36m>\u001b[39m\n                  \u001b[0m0\u001b[0m\n                  \u001b[0m%\u001b[0m\n                \u001b[36m</div>\u001b[39m\n              \u001b[36m</div>\u001b[39m\n            \u001b[36m</div>\u001b[39m\n          \u001b[36m</div>\u001b[39m\n        \u001b[36m</div>\u001b[39m\n      \u001b[36m</div>\u001b[39m\n      \u001b[36m<div\u001b[39m\n        \u001b[33mclass\u001b[39m=\u001b[32m\"card mb-8\"\u001b[39m\n      \u001b[36m>\u001b[39m\n        \u001b[36m<h2\u001b[39m\n          \u001b[33mclass\u001b[39m=\u001b[32m\"text-xl font-semibold mb-6\"\u001b[39m\n        \u001b[36m>\u001b[39m\n          \u001b[0mAreas for Improvement\u001b[0m\n        \u001b[36m</h2>\u001b[39m\n        \u001b[36m<div\u001b[39m\n          \u001b[33mclass\u001b[39m=\u001b[32m\"space-y-6\"\u001b[39m\n        \u001b[36m>\u001b[39m\n          \u001b[36m<div\u001b[39m\n            \u001b[33mclass\u001b[39m=\u001b[32m\"space-y-2\"\u001b[39m\n          \u001b[36m>\u001b[39m\n            \u001b[36m<div\u001b[39m\n              \u001b[33mclass\u001b[39m=\u001b[32m\"flex justify-between items-center\"\u001b[39m\n            \u001b[36m>\u001b[39m\n              \u001b[36m<span\u001b[39m\n                \u001b[33mclass\u001b[39m=\u001b[32m\"font-medium\"\u001b[39m\n              \u001b[36m>\u001b[39m\n                \u001b[0mRequirements Engineering\u001b[0m\n              \u001b[36m</span>\u001b[39m\n              \u001b[36m<span\u001b[39m\n                \u001b[33mclass\u001b[39m=\u001b[32m\"text-red-500\"\u001b[39m\n              \u001b[36m>\u001b[39m\n                \u001b[0m1\u001b[0m\n                \u001b[0m errors\u001b[0m\n              \u001b[36m</span>\u001b[39m\n            \u001b[36m</div>\u001b[39m\n            \u001b[36m<div\u001b[39m\n              \u001b[33mclass\u001b[39m=\u001b[32m\"h-2 bg-gray-700 rounded-full overflow-hidden\"\u001b[39m\n            \u001b[36m>\u001b[39m\n              \u001b[36m<div\u001b[39m\n                \u001b[33mclass\u001b[39m=\u001b[32m\"h-full bg-red-500\"\u001b[39m\n                \u001b[33mstyle\u001b[39m=\u001b[32m\"width: 100%;\"\u001b[39m\n              \u001b[36m/>\u001b[39m\n            \u001b[36m</div>\u001b[39m\n          \u001b[36m</div>\u001b[39m\n          \u001b[36m<div\u001b[39m\n            \u001b[33mclass\u001b[39m=\u001b[32m\"space-y-2\"\u001b[39m\n          \u001b[36m>\u001b[39m\n            \u001b[36m<div\u001b[39m\n              \u001b[33mclass\u001b[39m=\u001b[32m\"flex justify-between items-center\"\u001b[39m\n            \u001b[36m>\u001b[39m\n              \u001b[36m<span\u001b[39m\n                \u001b[33mclass\u001b[39m=\u001b[32m\"font-medium\"\u001b[39m\n              \u001b[36m>\u001b[39m\n                \u001b[0mSystems Thinking\u001b[0m\n              \u001b[36m</span>\u001b[39m\n              \u001b[36m<span\u001b[39m\n                \u001b[33mclass\u001b[39m=\u001b[32m\"text-red-500\"\u001b[39m\n              \u001b[36m>\u001b[39m\n                \u001b[0m0\u001b[0m\n                \u001b[0m errors\u001b[0m\n              \u001b[36m</span>\u001b[39m\n            \u001b[36m</div>\u001b[39m\n            \u001b[36m<div\u001b[39m\n              \u001b[33mclass\u001b[39m=\u001b[32m\"h-2 bg-gray-700 rounded-full overflow-hidden\"\u001b[39m\n            \u001b[36m>\u001b[39m\n              \u001b[36m<div\u001b[39m\n                \u001b[33mclass\u001b[39m=\u001b[32m\"h-full bg-red-500\"\u001b[39m\n                \u001b[33mstyle\u001b[39m=\u001b[32m\"width: 0%;\"\u001b[39m\n              \u001b[36m/>\u001b[39m\n            \u001b[36m</div>\u001b[39m\n          \u001b[36m</div>\u001b[39m\n        \u001b[36m</div>\u001b[39m\n      \u001b[36m</div>\u001b[39m\n      \u001b[36m<div\u001b[39m\n        \u001b[33mclass\u001b[39m=\u001b[32m\"card mb-8\"\u001b[39m\n      \u001b[36m>\u001b[39m\n        \u001b[36m<h2\u001b[39m\n          \u001b[33mclass\u001b[39m=\u001b[32m\"text-xl font-semibold mb-6\"\u001b[39m\n        \u001b[36m>\u001b[39m\n          \u001b[0mQuestions to Review\u001b[0m\n        \u001b[36m</h2>\u001b[39m\n        \u001b[36m<div\u001b[39m\n          \u001b[33mclass\u001b[39m=\u001b[32m\"overflow-x-auto\"\u001b[39m\n        \u001b[36m>\u001b[39m\n          \u001b[36m<div\u001b[39m\n            \u001b[33mclass\u001b[39m=\u001b[32m\"flex space-x-4 pb-4\"\u001b[39m\n          \u001b[36m>\u001b[39m\n            \u001b[36m<div\u001b[39m\n              \u001b[33mclass\u001b[39m=\u001b[32m\"flex-none w-80 bg-gray-800 p-4 rounded-lg\"\u001b[39m\n            \u001b[36m>\u001b[39m\n              \u001b[36m<div\u001b[39m\n                \u001b[33mclass\u001b[39m=\u001b[32m\"text-sm text-gray-400 mb-2\"\u001b[39m\n              \u001b[36m>\u001b[39m\n                \u001b[0mQuestion \u001b[0m\n                \u001b[0m1\u001b[0m\n              \u001b[36m</div>\u001b[39m\n              \u001b[36m<p\u001b[39m\n                \u001b[33mclass\u001b[39m=\u001b[32m\"font-medium mb-4\"\u001b[39m\n              \u001b[36m>\u001b[39m\n                \u001b[0mQuestion 2\u001b[0m\n              \u001b[36m</p>\u001b[39m\n              \u001b[36m<div\u001b[39m\n                \u001b[33mclass\u001b[39m=\u001b[32m\"space-y-2\"\u001b[39m\n              \u001b[36m>\u001b[39m\n                \u001b[36m<div\u001b[39m\n                  \u001b[33mclass\u001b[39m=\u001b[32m\"p-2 rounded bg-gray-700 border\"\u001b[39m\n                \u001b[36m>\u001b[39m\n                  \u001b[0mWrong Answer\u001b[0m\n                \u001b[36m</div>\u001b[39m\n                \u001b[36m<div\u001b[39m\n                  \u001b[33mclass\u001b[39m=\u001b[32m\"p-2 rounded bg-green-500/20 border-green-500 border\"\u001b[39m\n                \u001b[36m>\u001b[39m\n                  \u001b[0mCorrect Answer\u001b[0m\n                  \u001b[36m<p\u001b[39m\n                    \u001b[33mclass\u001b[39m=\u001b[32m\"text-sm text-gray-400 mt-1\"\u001b[39m\n                  \u001b[36m>\u001b[39m\n                    \u001b[0mThis is why\u001b[0m\n                  \u001b[36m</p>\u001b[39m\n                \u001b[36m</div>\u001b[39m\n              \u001b[36m</div>\u001b[39m\n            \u001b[36m</div>\u001b[39m\n          \u001b[36m</div>\u001b[39m\n        \u001b[36m</div>\u001b[39m\n      \u001b[36m</div>\u001b[39m\n      \u001b[36m<div\u001b[39m\n        \u001b[33mclass\u001b[39m=\u001b[32m\"flex gap-4 justify-center\"\u001b[39m\n      \u001b[36m>\u001b[39m\n        \u001b[36m<button\u001b[39m\n          \u001b[33mclass\u001b[39m=\u001b[32m\"btn bg-primary hover:bg-primary-dark\"\u001b[39m\n        \u001b[36m>\u001b[39m\n          \u001b[0mTry Another Quiz_Page\u001b[0m\n        \u001b[36m</button>\u001b[39m\n        \u001b[36m<button\u001b[39m\n          \u001b[33mclass\u001b[39m=\u001b[32m\"btn bg-gray-700 hover:bg-gray-600\"\u001b[39m\n        \u001b[36m>\u001b[39m\n          \u001b[0mStudy by Subject\u001b[0m\n        \u001b[36m</button>\u001b[39m\n      \u001b[36m</div>\u001b[39m\n    \u001b[36m</div>\u001b[39m\n  \u001b[36m</div>\u001b[39m\n\u001b[36m</body>\u001b[39m\n    at Object.getElementError (C:\\Workspace\\web\\AsepQuizz\\node_modules\\@testing-library\\react\\node_modules\\@testing-library\\dom\\dist\\config.js:37:19)\n    at getElementError (C:\\Workspace\\web\\AsepQuizz\\node_modules\\@testing-library\\react\\node_modules\\@testing-library\\dom\\dist\\query-helpers.js:20:35)\n    at getMultipleElementsFoundError (C:\\Workspace\\web\\AsepQuizz\\node_modules\\@testing-library\\react\\node_modules\\@testing-library\\dom\\dist\\query-helpers.js:23:10)\n    at C:\\Workspace\\web\\AsepQuizz\\node_modules\\@testing-library\\react\\node_modules\\@testing-library\\dom\\dist\\query-helpers.js:55:13\n    at C:\\Workspace\\web\\AsepQuizz\\node_modules\\@testing-library\\react\\node_modules\\@testing-library\\dom\\dist\\query-helpers.js:95:19\n    at Object.<anonymous> (C:\\Workspace\\web\\AsepQuizz\\src\\pages\\Results_Pages.test.tsx:99:45)\n    at Promise.then.completed (C:\\Workspace\\web\\AsepQuizz\\node_modules\\jest-circus\\build\\utils.js:298:28)\n    at new Promise (<anonymous>)\n    at callAsyncCircusFn (C:\\Workspace\\web\\AsepQuizz\\node_modules\\jest-circus\\build\\utils.js:231:10)\n    at _callCircusTest (C:\\Workspace\\web\\AsepQuizz\\node_modules\\jest-circus\\build\\run.js:316:40)\n    at processTicksAndRejections (node:internal/process/task_queues:95:5)\n    at _runTest (C:\\Workspace\\web\\AsepQuizz\\node_modules\\jest-circus\\build\\run.js:252:3)\n    at _runTestsForDescribeBlock (C:\\Workspace\\web\\AsepQuizz\\node_modules\\jest-circus\\build\\run.js:126:9)\n    at _runTestsForDescribeBlock (C:\\Workspace\\web\\AsepQuizz\\node_modules\\jest-circus\\build\\run.js:121:9)\n    at _runTestsForDescribeBlock (C:\\Workspace\\web\\AsepQuizz\\node_modules\\jest-circus\\build\\run.js:121:9)\n    at run (C:\\Workspace\\web\\AsepQuizz\\node_modules\\jest-circus\\build\\run.js:71:3)\n    at runAndTransformResultsToJestFormat (C:\\Workspace\\web\\AsepQuizz\\node_modules\\jest-circus\\build\\legacy-code-todo-rewrite\\jestAdapterInit.js:122:21)\n    at jestAdapter (C:\\Workspace\\web\\AsepQuizz\\node_modules\\jest-circus\\build\\legacy-code-todo-rewrite\\jestAdapter.js:79:19)\n    at runTestInternal (C:\\Workspace\\web\\AsepQuizz\\node_modules\\jest-runner\\build\\runTest.js:367:16)\n    at runTest (C:\\Workspace\\web\\AsepQuizz\\node_modules\\jest-runner\\build\\runTest.js:444:34)\n    at Object.worker (C:\\Workspace\\web\\AsepQuizz\\node_modules\\jest-runner\\build\\testWorker.js:106:12)"
        },
        {
          "title": "displays correct difficulty breakdown for each topic",
          "errorMessage": "Error: \u001b[2mexpect(\u001b[22m\u001b[31mreceived\u001b[39m\u001b[2m).\u001b[22mtoHaveLength\u001b[2m(\u001b[22m\u001b[32mexpected\u001b[39m\u001b[2m)\u001b[22m\n\nExpected length: \u001b[32m6\u001b[39m\nReceived length: \u001b[31m3\u001b[39m\nReceived array:  \u001b[31m[<div class=\"text-gray-400 capitalize\">beginner</div>, <div class=\"text-gray-400 capitalize\">advanced</div>, <div class=\"text-gray-400 capitalize\">intermediate</div>]\u001b[39m\n    at Object.<anonymous> (C:\\Workspace\\web\\AsepQuizz\\src\\pages\\Results_Pages.test.tsx:114:31)\n    at Promise.then.completed (C:\\Workspace\\web\\AsepQuizz\\node_modules\\jest-circus\\build\\utils.js:298:28)\n    at new Promise (<anonymous>)\n    at callAsyncCircusFn (C:\\Workspace\\web\\AsepQuizz\\node_modules\\jest-circus\\build\\utils.js:231:10)\n    at _callCircusTest (C:\\Workspace\\web\\AsepQuizz\\node_modules\\jest-circus\\build\\run.js:316:40)\n    at processTicksAndRejections (node:internal/process/task_queues:95:5)\n    at _runTest (C:\\Workspace\\web\\AsepQuizz\\node_modules\\jest-circus\\build\\run.js:252:3)\n    at _runTestsForDescribeBlock (C:\\Workspace\\web\\AsepQuizz\\node_modules\\jest-circus\\build\\run.js:126:9)\n    at _runTestsForDescribeBlock (C:\\Workspace\\web\\AsepQuizz\\node_modules\\jest-circus\\build\\run.js:121:9)\n    at _runTestsForDescribeBlock (C:\\Workspace\\web\\AsepQuizz\\node_modules\\jest-circus\\build\\run.js:121:9)\n    at run (C:\\Workspace\\web\\AsepQuizz\\node_modules\\jest-circus\\build\\run.js:71:3)\n    at runAndTransformResultsToJestFormat (C:\\Workspace\\web\\AsepQuizz\\node_modules\\jest-circus\\build\\legacy-code-todo-rewrite\\jestAdapterInit.js:122:21)\n    at jestAdapter (C:\\Workspace\\web\\AsepQuizz\\node_modules\\jest-circus\\build\\legacy-code-todo-rewrite\\jestAdapter.js:79:19)\n    at runTestInternal (C:\\Workspace\\web\\AsepQuizz\\node_modules\\jest-runner\\build\\runTest.js:367:16)\n    at runTest (C:\\Workspace\\web\\AsepQuizz\\node_modules\\jest-runner\\build\\runTest.js:444:34)\n    at Object.worker (C:\\Workspace\\web\\AsepQuizz\\node_modules\\jest-runner\\build\\testWorker.js:106:12)"
        },
        {
          "title": "handles zero total questions with appropriate UI feedback",
          "errorMessage": "TestingLibraryElementError: Unable to find an element with the text: 0%. This could be because the text is broken up by multiple elements. In this case, you can provide a function for your text matcher to make your matcher more flexible.\n\nIgnored nodes: comments, script, style\n\u001b[36m<body>\u001b[39m\n  \u001b[36m<div>\u001b[39m\n    \u001b[36m<div>\u001b[39m\n      \u001b[0mNo questions answered\u001b[0m\n    \u001b[36m</div>\u001b[39m\n  \u001b[36m</div>\u001b[39m\n\u001b[36m</body>\u001b[39m\n    at Object.getElementError (C:\\Workspace\\web\\AsepQuizz\\node_modules\\@testing-library\\react\\node_modules\\@testing-library\\dom\\dist\\config.js:37:19)\n    at C:\\Workspace\\web\\AsepQuizz\\node_modules\\@testing-library\\react\\node_modules\\@testing-library\\dom\\dist\\query-helpers.js:76:38\n    at C:\\Workspace\\web\\AsepQuizz\\node_modules\\@testing-library\\react\\node_modules\\@testing-library\\dom\\dist\\query-helpers.js:52:17\n    at C:\\Workspace\\web\\AsepQuizz\\node_modules\\@testing-library\\react\\node_modules\\@testing-library\\dom\\dist\\query-helpers.js:95:19\n    at Object.<anonymous> (C:\\Workspace\\web\\AsepQuizz\\src\\pages\\Results_Pages.test.tsx:167:21)\n    at Promise.then.completed (C:\\Workspace\\web\\AsepQuizz\\node_modules\\jest-circus\\build\\utils.js:298:28)\n    at new Promise (<anonymous>)\n    at callAsyncCircusFn (C:\\Workspace\\web\\AsepQuizz\\node_modules\\jest-circus\\build\\utils.js:231:10)\n    at _callCircusTest (C:\\Workspace\\web\\AsepQuizz\\node_modules\\jest-circus\\build\\run.js:316:40)\n    at processTicksAndRejections (node:internal/process/task_queues:95:5)\n    at _runTest (C:\\Workspace\\web\\AsepQuizz\\node_modules\\jest-circus\\build\\run.js:252:3)\n    at _runTestsForDescribeBlock (C:\\Workspace\\web\\AsepQuizz\\node_modules\\jest-circus\\build\\run.js:126:9)\n    at _runTestsForDescribeBlock (C:\\Workspace\\web\\AsepQuizz\\node_modules\\jest-circus\\build\\run.js:121:9)\n    at _runTestsForDescribeBlock (C:\\Workspace\\web\\AsepQuizz\\node_modules\\jest-circus\\build\\run.js:121:9)\n    at run (C:\\Workspace\\web\\AsepQuizz\\node_modules\\jest-circus\\build\\run.js:71:3)\n    at runAndTransformResultsToJestFormat (C:\\Workspace\\web\\AsepQuizz\\node_modules\\jest-circus\\build\\legacy-code-todo-rewrite\\jestAdapterInit.js:122:21)\n    at jestAdapter (C:\\Workspace\\web\\AsepQuizz\\node_modules\\jest-circus\\build\\legacy-code-todo-rewrite\\jestAdapter.js:79:19)\n    at runTestInternal (C:\\Workspace\\web\\AsepQuizz\\node_modules\\jest-runner\\build\\runTest.js:367:16)\n    at runTest (C:\\Workspace\\web\\AsepQuizz\\node_modules\\jest-runner\\build\\runTest.js:444:34)\n    at Object.worker (C:\\Workspace\\web\\AsepQuizz\\node_modules\\jest-runner\\build\\testWorker.js:106:12)"
        },
        {
          "title": "handles missing answer explanations without crashing",
          "errorMessage": "TestingLibraryElementError: Unable to find an element with the text: Answer. This could be because the text is broken up by multiple elements. In this case, you can provide a function for your text matcher to make your matcher more flexible.\n\nIgnored nodes: comments, script, style\n\u001b[36m<body>\u001b[39m\n  \u001b[36m<div>\u001b[39m\n    \u001b[36m<div\u001b[39m\n      \u001b[33mclass\u001b[39m=\u001b[32m\"max-w-4xl mx-auto\"\u001b[39m\n    \u001b[36m>\u001b[39m\n      \u001b[36m<h1\u001b[39m\n        \u001b[33mclass\u001b[39m=\u001b[32m\"text-3xl font-bold mb-8 text-center\"\u001b[39m\n      \u001b[36m>\u001b[39m\n        \u001b[0mQuiz Results_Pages\u001b[0m\n      \u001b[36m</h1>\u001b[39m\n      \u001b[36m<div\u001b[39m\n        \u001b[33mclass\u001b[39m=\u001b[32m\"card mb-8\"\u001b[39m\n      \u001b[36m>\u001b[39m\n        \u001b[36m<div\u001b[39m\n          \u001b[33mclass\u001b[39m=\u001b[32m\"grid grid-cols-2 md:grid-cols-4 gap-6 text-center\"\u001b[39m\n        \u001b[36m>\u001b[39m\n          \u001b[36m<div>\u001b[39m\n            \u001b[36m<div\u001b[39m\n              \u001b[33mclass\u001b[39m=\u001b[32m\"text-3xl font-bold text-yellow-500\"\u001b[39m\n            \u001b[36m>\u001b[39m\n              \u001b[0m70\u001b[0m\n              \u001b[0m%\u001b[0m\n            \u001b[36m</div>\u001b[39m\n            \u001b[36m<div\u001b[39m\n              \u001b[33mclass\u001b[39m=\u001b[32m\"text-sm text-gray-400\"\u001b[39m\n            \u001b[36m>\u001b[39m\n              \u001b[0mScore\u001b[0m\n            \u001b[36m</div>\u001b[39m\n          \u001b[36m</div>\u001b[39m\n          \u001b[36m<div>\u001b[39m\n            \u001b[36m<div\u001b[39m\n              \u001b[33mclass\u001b[39m=\u001b[32m\"text-3xl font-bold text-primary\"\u001b[39m\n            \u001b[36m>\u001b[39m\n              \u001b[0m7\u001b[0m\n              \u001b[0m/\u001b[0m\n              \u001b[0m10\u001b[0m\n            \u001b[36m</div>\u001b[39m\n            \u001b[36m<div\u001b[39m\n              \u001b[33mclass\u001b[39m=\u001b[32m\"text-sm text-gray-400\"\u001b[39m\n            \u001b[36m>\u001b[39m\n              \u001b[0mCorrect Answers\u001b[0m\n            \u001b[36m</div>\u001b[39m\n          \u001b[36m</div>\u001b[39m\n          \u001b[36m<div>\u001b[39m\n            \u001b[36m<div\u001b[39m\n              \u001b[33mclass\u001b[39m=\u001b[32m\"text-3xl font-bold text-primary\"\u001b[39m\n            \u001b[36m>\u001b[39m\n              \u001b[0m5:00\u001b[0m\n            \u001b[36m</div>\u001b[39m\n            \u001b[36m<div\u001b[39m\n              \u001b[33mclass\u001b[39m=\u001b[32m\"text-sm text-gray-400\"\u001b[39m\n            \u001b[36m>\u001b[39m\n              \u001b[0mTotal Time\u001b[0m\n            \u001b[36m</div>\u001b[39m\n          \u001b[36m</div>\u001b[39m\n          \u001b[36m<div>\u001b[39m\n            \u001b[36m<div\u001b[39m\n              \u001b[33mclass\u001b[39m=\u001b[32m\"text-3xl font-bold text-primary\"\u001b[39m\n            \u001b[36m>\u001b[39m\n              \u001b[0m0:30\u001b[0m\n            \u001b[36m</div>\u001b[39m\n            \u001b[36m<div\u001b[39m\n              \u001b[33mclass\u001b[39m=\u001b[32m\"text-sm text-gray-400\"\u001b[39m\n            \u001b[36m>\u001b[39m\n              \u001b[0mAvg. Time/Question\u001b[0m\n            \u001b[36m</div>\u001b[39m\n          \u001b[36m</div>\u001b[39m\n        \u001b[36m</div>\u001b[39m\n      \u001b[36m</div>\u001b[39m\n      \u001b[36m<div\u001b[39m\n        \u001b[33mclass\u001b[39m=\u001b[32m\"card mb-8\"\u001b[39m\n      \u001b[36m>\u001b[39m\n        \u001b[36m<h2\u001b[39m\n          \u001b[33mclass\u001b[39m=\u001b[32m\"text-xl font-semibold mb-4\"\u001b[39m\n        \u001b[36m>\u001b[39m\n          \u001b[0mPerformance Analysis\u001b[0m\n        \u001b[36m</h2>\u001b[39m\n        \u001b[36m<div\u001b[39m\n          \u001b[33mclass\u001b[39m=\u001b[32m\"space-y-4\"\u001b[39m\n        \u001b[36m>\u001b[39m\n          \u001b[36m<div\u001b[39m\n            \u001b[33mclass\u001b[39m=\u001b[32m\"flex items-center gap-4\"\u001b[39m\n          \u001b[36m>\u001b[39m\n            \u001b[36m<div\u001b[39m\n              \u001b[33mclass\u001b[39m=\u001b[32m\"w-32 text-sm text-gray-400\"\u001b[39m\n            \u001b[36m>\u001b[39m\n              \u001b[0mSpeed\u001b[0m\n            \u001b[36m</div>\u001b[39m\n            \u001b[36m<div\u001b[39m\n              \u001b[33mclass\u001b[39m=\u001b[32m\"flex-1 h-4 bg-gray-700 rounded-full overflow-hidden\"\u001b[39m\n            \u001b[36m>\u001b[39m\n              \u001b[36m<div\u001b[39m\n                \u001b[33mclass\u001b[39m=\u001b[32m\"h-full bg-blue-500 transition-all duration-300\"\u001b[39m\n                \u001b[33mstyle\u001b[39m=\u001b[32m\"width: 100%;\"\u001b[39m\n              \u001b[36m/>\u001b[39m\n            \u001b[36m</div>\u001b[39m\n          \u001b[36m</div>\u001b[39m\n          \u001b[36m<div\u001b[39m\n            \u001b[33mclass\u001b[39m=\u001b[32m\"flex items-center gap-4\"\u001b[39m\n          \u001b[36m>\u001b[39m\n            \u001b[36m<div\u001b[39m\n              \u001b[33mclass\u001b[39m=\u001b[32m\"w-32 text-sm text-gray-400\"\u001b[39m\n            \u001b[36m>\u001b[39m\n              \u001b[0mAccuracy\u001b[0m\n            \u001b[36m</div>\u001b[39m\n            \u001b[36m<div\u001b[39m\n              \u001b[33mclass\u001b[39m=\u001b[32m\"flex-1 h-4 bg-gray-700 rounded-full overflow-hidden\"\u001b[39m\n            \u001b[36m>\u001b[39m\n              \u001b[36m<div\u001b[39m\n                \u001b[33mclass\u001b[39m=\u001b[32m\"h-full transition-all duration-300 bg-yellow-500\"\u001b[39m\n                \u001b[33mstyle\u001b[39m=\u001b[32m\"width: 70%;\"\u001b[39m\n              \u001b[36m/>\u001b[39m\n            \u001b[36m</div>\u001b[39m\n          \u001b[36m</div>\u001b[39m\n        \u001b[36m</div>\u001b[39m\n      \u001b[36m</div>\u001b[39m\n      \u001b[36m<div\u001b[39m\n        \u001b[33mclass\u001b[39m=\u001b[32m\"card mb-8\"\u001b[39m\n      \u001b[36m>\u001b[39m\n        \u001b[36m<h2\u001b[39m\n          \u001b[33mclass\u001b[39m=\u001b[32m\"text-xl font-semibold mb-6\"\u001b[39m\n        \u001b[36m>\u001b[39m\n          \u001b[0mTopic Performance\u001b[0m\n        \u001b[36m</h2>\u001b[39m\n        \u001b[36m<div\u001b[39m\n          \u001b[33mclass\u001b[39m=\u001b[32m\"space-y-6\"\u001b[39m\n        \u001b[36m>\u001b[39m\n          \u001b[36m<div\u001b[39m\n            \u001b[33mclass\u001b[39m=\u001b[32m\"space-y-2\"\u001b[39m\n          \u001b[36m>\u001b[39m\n            \u001b[36m<div\u001b[39m\n              \u001b[33mclass\u001b[39m=\u001b[32m\"flex justify-between items-center\"\u001b[39m\n            \u001b[36m>\u001b[39m\n              \u001b[36m<span\u001b[39m\n                \u001b[33mclass\u001b[39m=\u001b[32m\"font-medium\"\u001b[39m\n              \u001b[36m>\u001b[39m\n                \u001b[0mSystems Thinking\u001b[0m\n              \u001b[36m</span>\u001b[39m\n              \u001b[36m<span\u001b[39m\n                \u001b[33mclass\u001b[39m=\u001b[32m\"text-sm text-gray-400\"\u001b[39m\n              \u001b[36m>\u001b[39m\n                \u001b[0m1\u001b[0m\n                \u001b[0m/\u001b[0m\n                \u001b[0m1\u001b[0m\n                \u001b[0m (\u001b[0m\n                \u001b[0m100\u001b[0m\n                \u001b[0m%)\u001b[0m\n              \u001b[36m</span>\u001b[39m\n            \u001b[36m</div>\u001b[39m\n            \u001b[36m<div\u001b[39m\n              \u001b[33mclass\u001b[39m=\u001b[32m\"grid grid-cols-3 gap-2 text-sm\"\u001b[39m\n            \u001b[36m>\u001b[39m\n              \u001b[36m<div\u001b[39m\n                \u001b[33mclass\u001b[39m=\u001b[32m\"bg-gray-800 rounded p-2\"\u001b[39m\n              \u001b[36m>\u001b[39m\n                \u001b[36m<div\u001b[39m\n                  \u001b[33mclass\u001b[39m=\u001b[32m\"text-gray-400 capitalize\"\u001b[39m\n                \u001b[36m>\u001b[39m\n                  \u001b[0mbeginner\u001b[0m\n                \u001b[36m</div>\u001b[39m\n                \u001b[36m<div\u001b[39m\n                  \u001b[33mclass\u001b[39m=\u001b[32m\"font-medium\"\u001b[39m\n                \u001b[36m>\u001b[39m\n                  \u001b[0m100\u001b[0m\n                  \u001b[0m%\u001b[0m\n                \u001b[36m</div>\u001b[39m\n              \u001b[36m</div>\u001b[39m\n            \u001b[36m</div>\u001b[39m\n          \u001b[36m</div>\u001b[39m\n        \u001b[36m</div>\u001b[39m\n      \u001b[36m</div>\u001b[39m\n      \u001b[36m<div\u001b[39m\n        \u001b[33mclass\u001b[39m=\u001b[32m\"card mb-8\"\u001b[39m\n      \u001b[36m>\u001b[39m\n        \u001b[36m<h2\u001b[39m\n          \u001b[33mclass\u001b[39m=\u001b[32m\"text-xl font-semibold mb-6\"\u001b[39m\n        \u001b[36m>\u001b[39m\n          \u001b[0mAreas for Improvement\u001b[0m\n        \u001b[36m</h2>\u001b[39m\n        \u001b[36m<div\u001b[39m\n          \u001b[33mclass\u001b[39m=\u001b[32m\"space-y-6\"\u001b[39m\n        \u001b[36m>\u001b[39m\n          \u001b[36m<div\u001b[39m\n            \u001b[33mclass\u001b[39m=\u001b[32m\"space-y-2\"\u001b[39m\n          \u001b[36m>\u001b[39m\n            \u001b[36m<div\u001b[39m\n              \u001b[33mclass\u001b[39m=\u001b[32m\"flex justify-between items-center\"\u001b[39m\n            \u001b[36m>\u001b[39m\n              \u001b[36m<span\u001b[39m\n                \u001b[33mclass\u001b[39m=\u001b[32m\"font-medium\"\u001b[39m\n              \u001b[36m>\u001b[39m\n                \u001b[0mSystems Thinking\u001b[0m\n              \u001b[36m</span>\u001b[39m\n              \u001b[36m<span\u001b[39m\n                \u001b[33mclass\u001b[39m=\u001b[32m\"text-red-500\"\u001b[39m\n              \u001b[36m>\u001b[39m\n                \u001b[0m0\u001b[0m\n                \u001b[0m errors\u001b[0m\n              \u001b[36m</span>\u001b[39m\n            \u001b[36m</div>\u001b[39m\n            \u001b[36m<div\u001b[39m\n              \u001b[33mclass\u001b[39m=\u001b[32m\"h-2 bg-gray-700 rounded-full overflow-hidden\"\u001b[39m\n            \u001b[36m>\u001b[39m\n              \u001b[36m<div\u001b[39m\n                \u001b[33mclass\u001b[39m=\u001b[32m\"h-full bg-red-500\"\u001b[39m\n                \u001b[33mstyle\u001b[39m=\u001b[32m\"width: 0%;\"\u001b[39m\n              \u001b[36m/>\u001b[39m\n            \u001b[36m</div>\u001b[39m\n          \u001b[36m</div>\u001b[39m\n        \u001b[36m</div>\u001b[39m\n      \u001b[36m</div>\u001b[39m\n      \u001b[36m<div\u001b[39m\n        \u001b[33mclass\u001b[39m=\u001b[32m\"card mb-8\"\u001b[39m\n      \u001b[36m>\u001b[39m\n        \u001b[36m<h2\u001b[39m\n          \u001b[33mclass\u001b[39m=\u001b[32m\"text-xl font-semibold mb-6\"\u001b[39m\n        \u001b[36m>\u001b[39m\n          \u001b[0mQuestions to Review\u001b[0m\n        \u001b[36m</h2>\u001b[39m\n        \u001b[36m<div\u001b[39m\n          \u001b[33mclass\u001b[39m=\u001b[32m\"overflow-x-auto\"\u001b[39m\n        \u001b[36m>\u001b[39m\n          \u001b[36m<div\u001b[39m\n            \u001b[33mclass\u001b[39m=\u001b[32m\"flex space-x-4 pb-4\"\u001b[39m\n          \u001b[36m/>\u001b[39m\n        \u001b[36m</div>\u001b[39m\n      \u001b[36m</div>\u001b[39m\n      \u001b[36m<div\u001b[39m\n        \u001b[33mclass\u001b[39m=\u001b[32m\"flex gap-4 justify-center\"\u001b[39m\n      \u001b[36m>\u001b[39m\n        \u001b[36m<button\u001b[39m\n          \u001b[33mclass\u001b[39m=\u001b[32m\"btn bg-primary hover:bg-primary-dark\"\u001b[39m\n        \u001b[36m>\u001b[39m\n          \u001b[0mTry Another Quiz_Page\u001b[0m\n        \u001b[36m</button>\u001b[39m\n        \u001b[36m<button\u001b[39m\n          \u001b[33mclass\u001b[39m=\u001b[32m\"btn bg-gray-700 hover:bg-gray-600\"\u001b[39m\n        \u001b[36m>\u001b[39m\n          \u001b[0mStudy by Subject\u001b[0m\n        \u001b[36m</button>\u001b[39m\n      \u001b[36m</div>\u001b[39m\n    \u001b[36m</div>\u001b[39m\n  \u001b[36m</div>\u001b[39m\n\u001b[36m</body>\u001b[39m\n    at Object.getElementError (C:\\Workspace\\web\\AsepQuizz\\node_modules\\@testing-library\\react\\node_modules\\@testing-library\\dom\\dist\\config.js:37:19)\n    at C:\\Workspace\\web\\AsepQuizz\\node_modules\\@testing-library\\react\\node_modules\\@testing-library\\dom\\dist\\query-helpers.js:76:38\n    at C:\\Workspace\\web\\AsepQuizz\\node_modules\\@testing-library\\react\\node_modules\\@testing-library\\dom\\dist\\query-helpers.js:52:17\n    at C:\\Workspace\\web\\AsepQuizz\\node_modules\\@testing-library\\react\\node_modules\\@testing-library\\dom\\dist\\query-helpers.js:95:19\n    at Object.<anonymous> (C:\\Workspace\\web\\AsepQuizz\\src\\pages\\Results_Pages.test.tsx:195:21)\n    at Promise.then.completed (C:\\Workspace\\web\\AsepQuizz\\node_modules\\jest-circus\\build\\utils.js:298:28)\n    at new Promise (<anonymous>)\n    at callAsyncCircusFn (C:\\Workspace\\web\\AsepQuizz\\node_modules\\jest-circus\\build\\utils.js:231:10)\n    at _callCircusTest (C:\\Workspace\\web\\AsepQuizz\\node_modules\\jest-circus\\build\\run.js:316:40)\n    at processTicksAndRejections (node:internal/process/task_queues:95:5)\n    at _runTest (C:\\Workspace\\web\\AsepQuizz\\node_modules\\jest-circus\\build\\run.js:252:3)\n    at _runTestsForDescribeBlock (C:\\Workspace\\web\\AsepQuizz\\node_modules\\jest-circus\\build\\run.js:126:9)\n    at _runTestsForDescribeBlock (C:\\Workspace\\web\\AsepQuizz\\node_modules\\jest-circus\\build\\run.js:121:9)\n    at _runTestsForDescribeBlock (C:\\Workspace\\web\\AsepQuizz\\node_modules\\jest-circus\\build\\run.js:121:9)\n    at run (C:\\Workspace\\web\\AsepQuizz\\node_modules\\jest-circus\\build\\run.js:71:3)\n    at runAndTransformResultsToJestFormat (C:\\Workspace\\web\\AsepQuizz\\node_modules\\jest-circus\\build\\legacy-code-todo-rewrite\\jestAdapterInit.js:122:21)\n    at jestAdapter (C:\\Workspace\\web\\AsepQuizz\\node_modules\\jest-circus\\build\\legacy-code-todo-rewrite\\jestAdapter.js:79:19)\n    at runTestInternal (C:\\Workspace\\web\\AsepQuizz\\node_modules\\jest-runner\\build\\runTest.js:367:16)\n    at runTest (C:\\Workspace\\web\\AsepQuizz\\node_modules\\jest-runner\\build\\runTest.js:444:34)\n    at Object.worker (C:\\Workspace\\web\\AsepQuizz\\node_modules\\jest-runner\\build\\testWorker.js:106:12)"
        },
        {
          "title": "handles extremely long question texts properly",
          "errorMessage": "TestingLibraryElementError: Found multiple elements with the text: /A+/\n\nHere are the matching elements:\n\nIgnored nodes: comments, script, style\n\u001b[36m<div\u001b[39m\n  \u001b[33mclass\u001b[39m=\u001b[32m\"text-sm text-gray-400\"\u001b[39m\n\u001b[36m>\u001b[39m\n  \u001b[0mCorrect Answers\u001b[0m\n\u001b[36m</div>\u001b[39m\n\nIgnored nodes: comments, script, style\n\u001b[36m<div\u001b[39m\n  \u001b[33mclass\u001b[39m=\u001b[32m\"text-sm text-gray-400\"\u001b[39m\n\u001b[36m>\u001b[39m\n  \u001b[0mAvg. Time/Question\u001b[0m\n\u001b[36m</div>\u001b[39m\n\nIgnored nodes: comments, script, style\n\u001b[36m<h2\u001b[39m\n  \u001b[33mclass\u001b[39m=\u001b[32m\"text-xl font-semibold mb-4\"\u001b[39m\n\u001b[36m>\u001b[39m\n  \u001b[0mPerformance Analysis\u001b[0m\n\u001b[36m</h2>\u001b[39m\n\nIgnored nodes: comments, script, style\n\u001b[36m<div\u001b[39m\n  \u001b[33mclass\u001b[39m=\u001b[32m\"w-32 text-sm text-gray-400\"\u001b[39m\n\u001b[36m>\u001b[39m\n  \u001b[0mAccuracy\u001b[0m\n\u001b[36m</div>\u001b[39m\n\nIgnored nodes: comments, script, style\n\u001b[36m<h2\u001b[39m\n  \u001b[33mclass\u001b[39m=\u001b[32m\"text-xl font-semibold mb-6\"\u001b[39m\n\u001b[36m>\u001b[39m\n  \u001b[0mAreas for Improvement\u001b[0m\n\u001b[36m</h2>\u001b[39m\n\nIgnored nodes: comments, script, style\n\u001b[36m<button\u001b[39m\n  \u001b[33mclass\u001b[39m=\u001b[32m\"btn bg-primary hover:bg-primary-dark\"\u001b[39m\n\u001b[36m>\u001b[39m\n  \u001b[0mTry Another Quiz_Page\u001b[0m\n\u001b[36m</button>\u001b[39m\n\n(If this is intentional, then use the `*AllBy*` variant of the query (like `queryAllByText`, `getAllByText`, or `findAllByText`)).\n\nIgnored nodes: comments, script, style\n\u001b[36m<body>\u001b[39m\n  \u001b[36m<div>\u001b[39m\n    \u001b[36m<div\u001b[39m\n      \u001b[33mclass\u001b[39m=\u001b[32m\"max-w-4xl mx-auto\"\u001b[39m\n    \u001b[36m>\u001b[39m\n      \u001b[36m<h1\u001b[39m\n        \u001b[33mclass\u001b[39m=\u001b[32m\"text-3xl font-bold mb-8 text-center\"\u001b[39m\n      \u001b[36m>\u001b[39m\n        \u001b[0mQuiz Results_Pages\u001b[0m\n      \u001b[36m</h1>\u001b[39m\n      \u001b[36m<div\u001b[39m\n        \u001b[33mclass\u001b[39m=\u001b[32m\"card mb-8\"\u001b[39m\n      \u001b[36m>\u001b[39m\n        \u001b[36m<div\u001b[39m\n          \u001b[33mclass\u001b[39m=\u001b[32m\"grid grid-cols-2 md:grid-cols-4 gap-6 text-center\"\u001b[39m\n        \u001b[36m>\u001b[39m\n          \u001b[36m<div>\u001b[39m\n            \u001b[36m<div\u001b[39m\n              \u001b[33mclass\u001b[39m=\u001b[32m\"text-3xl font-bold text-yellow-500\"\u001b[39m\n            \u001b[36m>\u001b[39m\n              \u001b[0m70\u001b[0m\n              \u001b[0m%\u001b[0m\n            \u001b[36m</div>\u001b[39m\n            \u001b[36m<div\u001b[39m\n              \u001b[33mclass\u001b[39m=\u001b[32m\"text-sm text-gray-400\"\u001b[39m\n            \u001b[36m>\u001b[39m\n              \u001b[0mScore\u001b[0m\n            \u001b[36m</div>\u001b[39m\n          \u001b[36m</div>\u001b[39m\n          \u001b[36m<div>\u001b[39m\n            \u001b[36m<div\u001b[39m\n              \u001b[33mclass\u001b[39m=\u001b[32m\"text-3xl font-bold text-primary\"\u001b[39m\n            \u001b[36m>\u001b[39m\n              \u001b[0m7\u001b[0m\n              \u001b[0m/\u001b[0m\n              \u001b[0m10\u001b[0m\n            \u001b[36m</div>\u001b[39m\n            \u001b[36m<div\u001b[39m\n              \u001b[33mclass\u001b[39m=\u001b[32m\"text-sm text-gray-400\"\u001b[39m\n            \u001b[36m>\u001b[39m\n              \u001b[0mCorrect Answers\u001b[0m\n            \u001b[36m</div>\u001b[39m\n          \u001b[36m</div>\u001b[39m\n          \u001b[36m<div>\u001b[39m\n            \u001b[36m<div\u001b[39m\n              \u001b[33mclass\u001b[39m=\u001b[32m\"text-3xl font-bold text-primary\"\u001b[39m\n            \u001b[36m>\u001b[39m\n              \u001b[0m5:00\u001b[0m\n            \u001b[36m</div>\u001b[39m\n            \u001b[36m<div\u001b[39m\n              \u001b[33mclass\u001b[39m=\u001b[32m\"text-sm text-gray-400\"\u001b[39m\n            \u001b[36m>\u001b[39m\n              \u001b[0mTotal Time\u001b[0m\n            \u001b[36m</div>\u001b[39m\n          \u001b[36m</div>\u001b[39m\n          \u001b[36m<div>\u001b[39m\n            \u001b[36m<div\u001b[39m\n              \u001b[33mclass\u001b[39m=\u001b[32m\"text-3xl font-bold text-primary\"\u001b[39m\n            \u001b[36m>\u001b[39m\n              \u001b[0m0:30\u001b[0m\n            \u001b[36m</div>\u001b[39m\n            \u001b[36m<div\u001b[39m\n              \u001b[33mclass\u001b[39m=\u001b[32m\"text-sm text-gray-400\"\u001b[39m\n            \u001b[36m>\u001b[39m\n              \u001b[0mAvg. Time/Question\u001b[0m\n            \u001b[36m</div>\u001b[39m\n          \u001b[36m</div>\u001b[39m\n        \u001b[36m</div>\u001b[39m\n      \u001b[36m</div>\u001b[39m\n      \u001b[36m<div\u001b[39m\n        \u001b[33mclass\u001b[39m=\u001b[32m\"card mb-8\"\u001b[39m\n      \u001b[36m>\u001b[39m\n        \u001b[36m<h2\u001b[39m\n          \u001b[33mclass\u001b[39m=\u001b[32m\"text-xl font-semibold mb-4\"\u001b[39m\n        \u001b[36m>\u001b[39m\n          \u001b[0mPerformance Analysis\u001b[0m\n        \u001b[36m</h2>\u001b[39m\n        \u001b[36m<div\u001b[39m\n          \u001b[33mclass\u001b[39m=\u001b[32m\"space-y-4\"\u001b[39m\n        \u001b[36m>\u001b[39m\n          \u001b[36m<div\u001b[39m\n            \u001b[33mclass\u001b[39m=\u001b[32m\"flex items-center gap-4\"\u001b[39m\n          \u001b[36m>\u001b[39m\n            \u001b[36m<div\u001b[39m\n              \u001b[33mclass\u001b[39m=\u001b[32m\"w-32 text-sm text-gray-400\"\u001b[39m\n            \u001b[36m>\u001b[39m\n              \u001b[0mSpeed\u001b[0m\n            \u001b[36m</div>\u001b[39m\n            \u001b[36m<div\u001b[39m\n              \u001b[33mclass\u001b[39m=\u001b[32m\"flex-1 h-4 bg-gray-700 rounded-full overflow-hidden\"\u001b[39m\n            \u001b[36m>\u001b[39m\n              \u001b[36m<div\u001b[39m\n                \u001b[33mclass\u001b[39m=\u001b[32m\"h-full bg-blue-500 transition-all duration-300\"\u001b[39m\n                \u001b[33mstyle\u001b[39m=\u001b[32m\"width: 100%;\"\u001b[39m\n              \u001b[36m/>\u001b[39m\n            \u001b[36m</div>\u001b[39m\n          \u001b[36m</div>\u001b[39m\n          \u001b[36m<div\u001b[39m\n            \u001b[33mclass\u001b[39m=\u001b[32m\"flex items-center gap-4\"\u001b[39m\n          \u001b[36m>\u001b[39m\n            \u001b[36m<div\u001b[39m\n              \u001b[33mclass\u001b[39m=\u001b[32m\"w-32 text-sm text-gray-400\"\u001b[39m\n            \u001b[36m>\u001b[39m\n              \u001b[0mAccuracy\u001b[0m\n            \u001b[36m</div>\u001b[39m\n            \u001b[36m<div\u001b[39m\n              \u001b[33mclass\u001b[39m=\u001b[32m\"flex-1 h-4 bg-gray-700 rounded-full overflow-hidden\"\u001b[39m\n            \u001b[36m>\u001b[39m\n              \u001b[36m<div\u001b[39m\n                \u001b[33mclass\u001b[39m=\u001b[32m\"h-full transition-all duration-300 bg-yellow-500\"\u001b[39m\n                \u001b[33mstyle\u001b[39m=\u001b[32m\"width: 70%;\"\u001b[39m\n              \u001b[36m/>\u001b[39m\n            \u001b[36m</div>\u001b[39m\n          \u001b[36m</div>\u001b[39m\n        \u001b[36m</div>\u001b[39m\n      \u001b[36m</div>\u001b[39m\n      \u001b[36m<div\u001b[39m\n        \u001b[33mclass\u001b[39m=\u001b[32m\"card mb-8\"\u001b[39m\n      \u001b[36m>\u001b[39m\n        \u001b[36m<h2\u001b[39m\n          \u001b[33mclass\u001b[39m=\u001b[32m\"text-xl font-semibold mb-6\"\u001b[39m\n        \u001b[36m>\u001b[39m\n          \u001b[0mTopic Performance\u001b[0m\n        \u001b[36m</h2>\u001b[39m\n        \u001b[36m<div\u001b[39m\n          \u001b[33mclass\u001b[39m=\u001b[32m\"space-y-6\"\u001b[39m\n        \u001b[36m>\u001b[39m\n          \u001b[36m<div\u001b[39m\n            \u001b[33mclass\u001b[39m=\u001b[32m\"space-y-2\"\u001b[39m\n          \u001b[36m>\u001b[39m\n            \u001b[36m<div\u001b[39m\n              \u001b[33mclass\u001b[39m=\u001b[32m\"flex justify-between items-center\"\u001b[39m\n            \u001b[36m>\u001b[39m\n              \u001b[36m<span\u001b[39m\n                \u001b[33mclass\u001b[39m=\u001b[32m\"font-medium\"\u001b[39m\n              \u001b[36m>\u001b[39m\n                \u001b[0mSystems Thinking\u001b[0m\n              \u001b[36m</span>\u001b[39m\n              \u001b[36m<span\u001b[39m\n                \u001b[33mclass\u001b[39m=\u001b[32m\"text-sm text-gray-400\"\u001b[39m\n              \u001b[36m>\u001b[39m\n                \u001b[0m1\u001b[0m\n                \u001b[0m/\u001b[0m\n                \u001b[0m1\u001b[0m\n                \u001b[0m (\u001b[0m\n                \u001b[0m100\u001b[0m\n                \u001b[0m%)\u001b[0m\n              \u001b[36m</span>\u001b[39m\n            \u001b[36m</div>\u001b[39m\n            \u001b[36m<div\u001b[39m\n              \u001b[33mclass\u001b[39m=\u001b[32m\"grid grid-cols-3 gap-2 text-sm\"\u001b[39m\n            \u001b[36m>\u001b[39m\n              \u001b[36m<div\u001b[39m\n                \u001b[33mclass\u001b[39m=\u001b[32m\"bg-gray-800 rounded p-2\"\u001b[39m\n              \u001b[36m>\u001b[39m\n                \u001b[36m<div\u001b[39m\n                  \u001b[33mclass\u001b[39m=\u001b[32m\"text-gray-400 capitalize\"\u001b[39m\n                \u001b[36m>\u001b[39m\n                  \u001b[0mbeginner\u001b[0m\n                \u001b[36m</div>\u001b[39m\n                \u001b[36m<div\u001b[39m\n                  \u001b[33mclass\u001b[39m=\u001b[32m\"font-medium\"\u001b[39m\n                \u001b[36m>\u001b[39m\n                  \u001b[0m100\u001b[0m\n                  \u001b[0m%\u001b[0m\n                \u001b[36m</div>\u001b[39m\n              \u001b[36m</div>\u001b[39m\n            \u001b[36m</div>\u001b[39m\n          \u001b[36m</div>\u001b[39m\n        \u001b[36m</div>\u001b[39m\n      \u001b[36m</div>\u001b[39m\n      \u001b[36m<div\u001b[39m\n        \u001b[33mclass\u001b[39m=\u001b[32m\"card mb-8\"\u001b[39m\n      \u001b[36m>\u001b[39m\n        \u001b[36m<h2\u001b[39m\n          \u001b[33mclass\u001b[39m=\u001b[32m\"text-xl font-semibold mb-6\"\u001b[39m\n        \u001b[36m>\u001b[39m\n          \u001b[0mAreas for Improvement\u001b[0m\n        \u001b[36m</h2>\u001b[39m\n        \u001b[36m<div\u001b[39m\n          \u001b[33mclass\u001b[39m=\u001b[32m\"space-y-6\"\u001b[39m\n        \u001b[36m>\u001b[39m\n          \u001b[36m<div\u001b[39m\n            \u001b[33mclass\u001b[39m=\u001b[32m\"space-y-2\"\u001b[39m\n          \u001b[36m>\u001b[39m\n            \u001b[36m<div\u001b[39m\n              \u001b[33mclass\u001b[39m=\u001b[32m\"flex justify-between items-center\"\u001b[39m\n            \u001b[36m>\u001b[39m\n              \u001b[36m<span\u001b[39m\n                \u001b[33mclass\u001b[39m=\u001b[32m\"font-medium\"\u001b[39m\n              \u001b[36m>\u001b[39m\n                \u001b[0mSystems Thinking\u001b[0m\n              \u001b[36m</span>\u001b[39m\n              \u001b[36m<span\u001b[39m\n                \u001b[33mclass\u001b[39m=\u001b[32m\"text-red-500\"\u001b[39m\n              \u001b[36m>\u001b[39m\n                \u001b[0m0\u001b[0m\n                \u001b[0m errors\u001b[0m\n              \u001b[36m</span>\u001b[39m\n            \u001b[36m</div>\u001b[39m\n            \u001b[36m<div\u001b[39m\n              \u001b[33mclass\u001b[39m=\u001b[32m\"h-2 bg-gray-700 rounded-full overflow-hidden\"\u001b[39m\n            \u001b[36m>\u001b[39m\n              \u001b[36m<div\u001b[39m\n                \u001b[33mclass\u001b[39m=\u001b[32m\"h-full bg-red-500\"\u001b[39m\n                \u001b[33mstyle\u001b[39m=\u001b[32m\"width: 0%;\"\u001b[39m\n              \u001b[36m/>\u001b[39m\n            \u001b[36m</div>\u001b[39m\n          \u001b[36m</div>\u001b[39m\n        \u001b[36m</div>\u001b[39m\n      \u001b[36m</div>\u001b[39m\n      \u001b[36m<div\u001b[39m\n        \u001b[33mclass\u001b[39m=\u001b[32m\"card mb-8\"\u001b[39m\n      \u001b[36m>\u001b[39m\n        \u001b[36m<h2\u001b[39m\n          \u001b[33mclass\u001b[39m=\u001b[32m\"text-xl font-semibold mb-6\"\u001b[39m\n        \u001b[36m>\u001b[39m\n          \u001b[0mQuestions to Review\u001b[0m\n        \u001b[36m</h2>\u001b[39m\n        \u001b[36m<div\u001b[39m\n          \u001b[33mclass\u001b[39m=\u001b[32m\"overflow-x-auto\"\u001b[39m\n        \u001b[36m>\u001b[39m\n          \u001b[36m<div\u001b[39m\n            \u001b[33mclass\u001b[39m=\u001b[32m\"flex space-x-4 pb-4\"\u001b[39m\n          \u001b[36m/>\u001b[39m\n        \u001b[36m</div>\u001b[39m\n      \u001b[36m</div>\u001b[39m\n      \u001b[36m<div\u001b[39m\n        \u001b[33mclass\u001b[39m=\u001b[32m\"flex gap-4 justify-center\"\u001b[39m\n      \u001b[36m>\u001b[39m\n        \u001b[36m<button\u001b[39m\n          \u001b[33mclass\u001b[39m=\u001b[32m\"btn bg-primary hover:bg-primary-dark\"\u001b[39m\n        \u001b[36m>\u001b[39m\n          \u001b[0mTry Another Quiz_Page\u001b[0m\n        \u001b[36m</button>\u001b[39m\n        \u001b[36m<button\u001b[39m\n          \u001b[33mclass\u001b[39m=\u001b[32m\"btn bg-gray-700 hover:bg-gray-600\"\u001b[39m\n        \u001b[36m>\u001b[39m\n          \u001b[0mStudy by Subject\u001b[0m\n        \u001b[36m</button>\u001b[39m\n      \u001b[36m</div>\u001b[39m\n    \u001b[36m</div>\u001b[39m\n  \u001b[36m</div>\u001b[39m\n\u001b[36m</body>\u001b[39m\n    at Object.getElementError (C:\\Workspace\\web\\AsepQuizz\\node_modules\\@testing-library\\react\\node_modules\\@testing-library\\dom\\dist\\config.js:37:19)\n    at getElementError (C:\\Workspace\\web\\AsepQuizz\\node_modules\\@testing-library\\react\\node_modules\\@testing-library\\dom\\dist\\query-helpers.js:20:35)\n    at getMultipleElementsFoundError (C:\\Workspace\\web\\AsepQuizz\\node_modules\\@testing-library\\react\\node_modules\\@testing-library\\dom\\dist\\query-helpers.js:23:10)\n    at C:\\Workspace\\web\\AsepQuizz\\node_modules\\@testing-library\\react\\node_modules\\@testing-library\\dom\\dist\\query-helpers.js:55:13\n    at C:\\Workspace\\web\\AsepQuizz\\node_modules\\@testing-library\\react\\node_modules\\@testing-library\\dom\\dist\\query-helpers.js:95:19\n    at Object.<anonymous> (C:\\Workspace\\web\\AsepQuizz\\src\\pages\\Results_Pages.test.tsx:211:38)\n    at Promise.then.completed (C:\\Workspace\\web\\AsepQuizz\\node_modules\\jest-circus\\build\\utils.js:298:28)\n    at new Promise (<anonymous>)\n    at callAsyncCircusFn (C:\\Workspace\\web\\AsepQuizz\\node_modules\\jest-circus\\build\\utils.js:231:10)\n    at _callCircusTest (C:\\Workspace\\web\\AsepQuizz\\node_modules\\jest-circus\\build\\run.js:316:40)\n    at processTicksAndRejections (node:internal/process/task_queues:95:5)\n    at _runTest (C:\\Workspace\\web\\AsepQuizz\\node_modules\\jest-circus\\build\\run.js:252:3)\n    at _runTestsForDescribeBlock (C:\\Workspace\\web\\AsepQuizz\\node_modules\\jest-circus\\build\\run.js:126:9)\n    at _runTestsForDescribeBlock (C:\\Workspace\\web\\AsepQuizz\\node_modules\\jest-circus\\build\\run.js:121:9)\n    at _runTestsForDescribeBlock (C:\\Workspace\\web\\AsepQuizz\\node_modules\\jest-circus\\build\\run.js:121:9)\n    at run (C:\\Workspace\\web\\AsepQuizz\\node_modules\\jest-circus\\build\\run.js:71:3)\n    at runAndTransformResultsToJestFormat (C:\\Workspace\\web\\AsepQuizz\\node_modules\\jest-circus\\build\\legacy-code-todo-rewrite\\jestAdapterInit.js:122:21)\n    at jestAdapter (C:\\Workspace\\web\\AsepQuizz\\node_modules\\jest-circus\\build\\legacy-code-todo-rewrite\\jestAdapter.js:79:19)\n    at runTestInternal (C:\\Workspace\\web\\AsepQuizz\\node_modules\\jest-runner\\build\\runTest.js:367:16)\n    at runTest (C:\\Workspace\\web\\AsepQuizz\\node_modules\\jest-runner\\build\\runTest.js:444:34)\n    at Object.worker (C:\\Workspace\\web\\AsepQuizz\\node_modules\\jest-runner\\build\\testWorker.js:106:12)"
        }
      ]
    }
  ]
}